[0m15:03:16.094216 [debug] [MainThread]: Sending event: {'category': 'dbt', 'action': 'invocation', 'label': 'start', 'context': [<snowplow_tracker.self_describing_json.SelfDescribingJson object at 0x00000187DE731D30>, <snowplow_tracker.self_describing_json.SelfDescribingJson object at 0x00000187DC31CB90>, <snowplow_tracker.self_describing_json.SelfDescribingJson object at 0x00000187E10639D0>]}


============================== 15:03:16.097960 | 096b9068-3a8a-467a-a04b-a9d63a1c22a7 ==============================
[0m15:03:16.097960 [info ] [MainThread]: Running with dbt=1.12.3
[0m15:03:16.098396 [debug] [MainThread]: running dbt with arguments {'maximum_seed_size_mib': '1', 'no_print': 'None', 'version_check': 'True', 'warn_error_options': 'WarnErrorOptionsV2(error=[], warn=[], silence=[])', 'target_path': 'None', 'static_parser': 'True', 'printer_width': '80', 'write_json': 'True', 'introspect': 'True', 'log_cache_events': 'False', 'empty': 'None', 'cache_selected_only': 'False', 'log_format': 'default', 'debug': 'False', 'fail_fast': 'False', 'partial_parse': 'True', 'send_anonymous_usage_stats': 'True', 'quiet': 'False', 'warn_error': 'None', 'profiles_dir': 'C:\\Users\\guitt\\.dbt', 'indirect_selection': 'eager', 'hints_enabled': 'True', 'invocation_command': 'dbt debug', 'use_experimental_parser': 'False', 'use_colors': 'True', 'log_path': 'logs'}
[0m15:03:16.116564 [info ] [MainThread]: dbt version: 1.12.3
[0m15:03:16.116943 [info ] [MainThread]: python version: 3.14.3
[0m15:03:16.117200 [info ] [MainThread]: python path: C:\Users\guitt\Documents\Formation\Projet Perso\energiscope-pdl\.venv\Scripts\python.exe
[0m15:03:16.117402 [info ] [MainThread]: os info: Windows-11-10.0.26200-SP0
[0m15:03:16.119601 [info ] [MainThread]: Error importing adapter: No module named 'dbt.adapters.duckdb'
[0m15:03:16.119924 [info ] [MainThread]: Using profiles dir at C:\Users\guitt\.dbt
[0m15:03:16.120180 [info ] [MainThread]: Using profiles.yml file at C:\Users\guitt\.dbt\profiles.yml
[0m15:03:16.120422 [info ] [MainThread]: Using dbt_project.yml file at C:\Users\guitt\Documents\Formation\Projet Perso\energiscope-pdl\dbt_project.yml
[0m15:03:16.120685 [info ] [MainThread]: Configuration:
[0m15:03:16.120941 [info ] [MainThread]:   profiles.yml file [[31mERROR invalid[0m]
[0m15:03:16.121175 [info ] [MainThread]:   dbt_project.yml file [[31mERROR not found[0m]
[0m15:03:16.121430 [info ] [MainThread]: Required dependencies:
[0m15:03:16.121690 [debug] [MainThread]: Executing "git --help"
[0m15:03:16.142984 [debug] [MainThread]: STDOUT: "b"usage: git [-v | --version] [-h | --help] [-C <path>] [-c <name>=<value>]\n           [--exec-path[=<path>]] [--html-path] [--man-path] [--info-path]\n           [-p | --paginate | -P | --no-pager] [--no-replace-objects] [--no-lazy-fetch]\n           [--no-optional-locks] [--no-advice] [--bare] [--git-dir=<path>]\n           [--work-tree=<path>] [--namespace=<name>] [--config-env=<name>=<envvar>]\n           <command> [<args>]\n\nThese are common Git commands used in various situations:\n\nstart a working area (see also: git help tutorial)\n   clone      Clone a repository into a new directory\n   init       Create an empty Git repository or reinitialize an existing one\n\nwork on the current change (see also: git help everyday)\n   add        Add file contents to the index\n   mv         Move or rename a file, a directory, or a symlink\n   restore    Restore working tree files\n   rm         Remove files from the working tree and from the index\n\nexamine the history and state (see also: git help revisions)\n   bisect     Use binary search to find the commit that introduced a bug\n   diff       Show changes between commits, commit and working tree, etc\n   grep       Print lines matching a pattern\n   log        Show commit logs\n   show       Show various types of objects\n   status     Show the working tree status\n\ngrow, mark and tweak your common history\n   backfill   Download missing objects in a partial clone\n   branch     List, create, or delete branches\n   commit     Record changes to the repository\n   merge      Join two or more development histories together\n   rebase     Reapply commits on top of another base tip\n   reset      Set `HEAD` or the index to a known state\n   switch     Switch branches\n   tag        Create, list, delete or verify tags\n\ncollaborate (see also: git help workflows)\n   fetch      Download objects and refs from another repository\n   pull       Fetch from and integrate with another repository or a local branch\n   push       Update remote refs along with associated objects\n\n'git help -a' and 'git help -g' list available subcommands and some\nconcept guides. See 'git help <command>' or 'git help <concept>'\nto read about a specific subcommand or concept.\nSee 'git help git' for an overview of the system.\n""
[0m15:03:16.143424 [debug] [MainThread]: STDERR: "b''"
[0m15:03:16.143669 [info ] [MainThread]:  - git [[32mOK found[0m]

[0m15:03:16.143968 [info ] [MainThread]: Connection test skipped since no profile was found
[0m15:03:16.144248 [info ] [MainThread]: [31m2 checks failed:[0m
[0m15:03:16.144491 [info ] [MainThread]: Could not load dbt_project.yml
Profile loading failed for the following reason:
Runtime Error
  Credentials in profile "dbt_bottleneck", target "dev" invalid: Runtime Error
    Could not find adapter type duckdb!


[0m15:03:16.144729 [info ] [MainThread]: Project loading failed for the following reason:
 project path <C:\Users\guitt\Documents\Formation\Projet Perso\energiscope-pdl\dbt_project.yml> not found

[0m15:03:16.145266 [debug] [MainThread]: Command `dbt debug` failed at 15:03:16.145187 after 0.15 seconds
[0m15:03:16.145490 [debug] [MainThread]: Sending event: {'category': 'dbt', 'action': 'invocation', 'label': 'end', 'context': [<snowplow_tracker.self_describing_json.SelfDescribingJson object at 0x00000187E1129940>, <snowplow_tracker.self_describing_json.SelfDescribingJson object at 0x00000187E1118B90>, <snowplow_tracker.self_describing_json.SelfDescribingJson object at 0x00000187E10ECD10>]}
[0m15:03:16.145704 [debug] [MainThread]: Flushing usage events
[0m15:03:16.798221 [debug] [MainThread]: An error was encountered while trying to flush usage events
